[2025-12-28 23:54:12] ✅ Login Success, User: jlou@qcasystems.com[2025-12-28 23:54:12] 
[2025-12-28 23:54:12] 
[2025-12-28 23:54:12] Statement Date (format 2025-05-01): [2025-12-28 23:55:00] ✅ Full statements lists get[2025-12-28 23:55:00] 
[2025-12-28 23:55:00] -----Tenova S.p.A.-----[2025-12-28 23:55:00] 
[2025-12-28 23:55:02] ✅ Vendor email: accounting.genova@tenova.com[2025-12-28 23:55:02] 
[2025-12-28 23:55:17] ✅ Vendor's statement download[2025-12-28 23:55:17] 
[2025-12-28 23:55:18] ✅ Q-8223DP is due, PM email: aabdullah@qcasystems.com [2025-12-28 23:55:18] 
[2025-12-28 23:55:19] ✅ Q-8223SR1 is due, PM email: aabdullah@qcasystems.com [2025-12-28 23:55:19] 
[2025-12-28 23:55:32] ✅ Q-8223DP invoice download[2025-12-28 23:55:32] 
[2025-12-28 23:55:40] ✅ Q-8223SR1 invoice download[2025-12-28 23:55:40] 
[2025-12-28 23:55:40] Client                                 0-30        31-45        46-60        61-90          90+[2025-12-28 23:55:40] 
[2025-12-28 23:55:40] ----------------------------------------------------------------------------------------------------------------[2025-12-28 23:55:40] 
[2025-12-28 23:55:40] Tenova S.p.A.                  $        0.00 $        0.00 $        0.00 $   65,320.20 $        0.00 [2025-12-28 23:55:40] 
[2025-12-28 23:55:40] 
[2025-12-28 23:55:40] -----PKM Canada  Marine Terminal Limited Partnership-----[2025-12-28 23:55:40] 
[2025-12-28 23:55:43] ✅ Vendor email: ap-inquiry@pembina.com[2025-12-28 23:55:43] 
[2025-12-28 23:55:58] ✅ Vendor's statement download[2025-12-28 23:55:58] 
[2025-12-28 23:56:05] Client                                 0-30        31-45        46-60        61-90          90+[2025-12-28 23:56:05] 
[2025-12-28 23:56:05] ----------------------------------------------------------------------------------------------------------------[2025-12-28 23:56:05] 
[2025-12-28 23:56:05] PKM Canada  Marine Terminal Li $   10,292.66 $        0.00 $        0.00 $        0.00 $        0.00 [2025-12-28 23:56:05] 
[2025-12-28 23:56:05] 
[2025-12-28 23:56:05] -----Fraser Grain Terminal-----[2025-12-28 23:56:05] 
[2025-12-28 23:56:08] ✅ Vendor email: terminalsap@pandh.ca;[2025-12-28 23:56:08] 
[2025-12-28 23:56:25] ✅ Vendor's statement download[2025-12-28 23:56:25] 
[2025-12-28 23:56:41] ✅ Q-FGT2025 invoice download[2025-12-28 23:56:41] 
[2025-12-28 23:56:41] Client                                 0-30        31-45        46-60        61-90          90+[2025-12-28 23:56:41] 
[2025-12-28 23:56:41] ----------------------------------------------------------------------------------------------------------------[2025-12-28 23:56:41] 
[2025-12-28 23:56:41] Fraser Grain Terminal          $   12,022.50 $        0.00 $        0.00 $        0.00 $        0.00 [2025-12-28 23:56:41] 
[2025-12-28 23:56:41] 
[2025-12-28 23:56:41] -----EVR Operations Limited-----[2025-12-28 23:56:41] 
[2025-12-28 23:56:44] ✅ Vendor email: AccountsPayable@evr.com[2025-12-28 23:56:44] 
[2025-12-28 23:56:59] ✅ Vendor's statement download[2025-12-28 23:56:59] 
[2025-12-28 23:57:13] ✅ Q-09108 invoice download[2025-12-28 23:57:13] 
[2025-12-28 23:57:13] Client                                 0-30        31-45        46-60        61-90          90+[2025-12-28 23:57:13] 
[2025-12-28 23:57:13] ----------------------------------------------------------------------------------------------------------------[2025-12-28 23:57:13] 
[2025-12-28 23:57:13] EVR Operations Limited         $   15,351.00 $        0.00 $        0.00 $        0.00 $        0.00 [2025-12-28 23:57:13] 
[2025-12-28 23:57:13] 
[2025-12-28 23:57:13] -----Resort Municipality of Whistler-----[2025-12-28 23:57:13] 
[2025-12-28 23:57:17] ✅ Vendor email: ap@whistler.ca;[2025-12-28 23:57:17] 
[2025-12-28 23:57:34] ✅ Vendor's statement download[2025-12-28 23:57:34] 
[2025-12-28 23:57:50] ✅ Q-09116 invoice download[2025-12-28 23:57:50] 
[2025-12-28 23:58:20] ✅ Q-RMOW2025 invoice download[2025-12-28 23:58:20] 
[2025-12-28 23:58:20] Client                                 0-30        31-45        46-60        61-90          90+[2025-12-28 23:58:20] 
[2025-12-28 23:58:20] ----------------------------------------------------------------------------------------------------------------[2025-12-28 23:58:20] 
[2025-12-28 23:58:20] Resort Municipality of Whistle $   59,002.33 $        0.00 $        0.00 $        0.00 $        0.00 [2025-12-28 23:58:20] 
[2025-12-28 23:58:20] 
[2025-12-28 23:58:20] -----Alabama State Port Authority-----[2025-12-28 23:58:20] 
[2025-12-28 23:58:23] ✅ Vendor email: accountspayable@alports.com;[2025-12-28 23:58:23] 
[2025-12-28 23:58:40] ✅ Vendor's statement download[2025-12-28 23:58:40] 
[2025-12-28 23:58:59] ✅ Q-8556 invoice download[2025-12-28 23:58:59] 
[2025-12-28 23:59:09] ✅ Q-8315SR5 invoice download[2025-12-28 23:59:09] 
[2025-12-28 23:59:17] ✅ Q-8315SR6 invoice download[2025-12-28 23:59:17] 
[2025-12-28 23:59:27] ✅ Q-8494 invoice download[2025-12-28 23:59:27] 
[2025-12-28 23:59:36] ✅ Q-8584 invoice download[2025-12-28 23:59:36] 
[2025-12-28 23:59:36] Client                                 0-30        31-45        46-60        61-90          90+[2025-12-28 23:59:36] 
[2025-12-28 23:59:36] ----------------------------------------------------------------------------------------------------------------[2025-12-28 23:59:36] 
[2025-12-28 23:59:36] Alabama State Port Authority   $  461,526.96 $        0.00 $        0.00 $        0.00 $        0.00 [2025-12-28 23:59:36] 
[2025-12-28 23:59:36] 
[2025-12-28 23:59:36] -----StructureCraft Builders Inc.-----[2025-12-28 23:59:36] 
[2025-12-28 23:59:38] ✅ Vendor email: accountspayable@structurecraft.com;[2025-12-28 23:59:38] 
[2025-12-28 23:59:55] ✅ Vendor's statement download[2025-12-28 23:59:55] 
[2025-12-29 00:00:08] ✅ Q-6585 invoice download[2025-12-29 00:00:08] 
[2025-12-29 00:00:08] Client                                 0-30        31-45        46-60        61-90          90+[2025-12-29 00:00:08] 
[2025-12-29 00:00:08] ----------------------------------------------------------------------------------------------------------------[2025-12-29 00:00:08] 
[2025-12-29 00:00:08] StructureCraft Builders Inc.   $      756.00 $        0.00 $        0.00 $        0.00 $        0.00 [2025-12-29 00:00:08] 
[2025-12-29 00:00:08] 
[2025-12-29 00:00:08] -----Metso USA Inc.-----[2025-12-29 00:00:08] 
[2025-12-29 00:00:12] ❌ Metso USA Inc. mail not found[2025-12-29 00:00:12] 
[2025-12-29 00:00:28] ✅ Vendor's statement download[2025-12-29 00:00:28] 
[2025-12-29 00:00:46] ✅ Q-09087 invoice download[2025-12-29 00:00:46] 
[2025-12-29 00:00:46] Client                                 0-30        31-45        46-60        61-90          90+[2025-12-29 00:00:46] 
[2025-12-29 00:00:46] ----------------------------------------------------------------------------------------------------------------[2025-12-29 00:00:46] 
[2025-12-29 00:00:46] Metso USA Inc.                 $  675,699.73 $        0.00 $        0.00 $        0.00 $        0.00 [2025-12-29 00:00:46] 
[2025-12-29 00:00:46] 
[2025-12-29 00:00:46] -----Quadrogen Power Systems Inc.-----[2025-12-29 00:00:46] 
[2025-12-29 00:00:49] ✅ Vendor email: accountspayable@quadrogen.com[2025-12-29 00:00:49] 
[2025-12-29 00:01:06] ✅ Vendor's statement download[2025-12-29 00:01:06] 
[2025-12-29 00:01:08] ✅ Q-09122 is due, PM email: chris@qcasystems.com [2025-12-29 00:01:08] 
[2025-12-29 00:01:09] ✅ Q-09075 is due, PM email: chris@qcasystems.com [2025-12-29 00:01:09] 
[2025-12-29 00:01:32] ✅ Q-09137 invoice download[2025-12-29 00:01:32] 
[2025-12-29 00:01:40] ✅ Q-09122 invoice download[2025-12-29 00:01:40] 
[2025-12-29 00:02:00] ✅ Q-09075 invoice download[2025-12-29 00:02:00] 
[2025-12-29 00:02:00] Client                                 0-30        31-45        46-60        61-90          90+[2025-12-29 00:02:00] 
[2025-12-29 00:02:00] ----------------------------------------------------------------------------------------------------------------[2025-12-29 00:02:00] 
[2025-12-29 00:02:00] Quadrogen Power Systems Inc.   $   15,188.55 $        0.00 $      273.00 $      546.00 $    5,250.00 [2025-12-29 00:02:00] 
[2025-12-29 00:02:00] 
[2025-12-29 00:02:00] -----South Coast British Columbia Transportation Authority (Translink)-----[2025-12-29 00:02:00] 
[2025-12-29 00:02:03] ✅ Vendor email: accounting@translink.ca[2025-12-29 00:02:03] 
[2025-12-29 00:02:19] ✅ Vendor's statement download[2025-12-29 00:02:19] 
[2025-12-29 00:02:31] ✅ Q-8750 invoice download[2025-12-29 00:02:31] 
[2025-12-29 00:02:31] Client                                 0-30        31-45        46-60        61-90          90+[2025-12-29 00:02:31] 
[2025-12-29 00:02:31] ----------------------------------------------------------------------------------------------------------------[2025-12-29 00:02:31] 
[2025-12-29 00:02:31] South Coast British Columbia T $    6,216.00 $        0.00 $        0.00 $        0.00 $        0.00 [2025-12-29 00:02:31] 
[2025-12-29 00:02:31] 
[2025-12-29 00:02:31] -----TAKRAF GmbH-----[2025-12-29 00:02:31] 
[2025-12-29 00:02:33] ✅ Vendor email: alexander.benkendorff@takraf.com[2025-12-29 00:02:33] 
[2025-12-29 00:02:50] ✅ Vendor's statement download[2025-12-29 00:02:50] 
[2025-12-29 00:02:55] ✅ Q-8566 invoice download[2025-12-29 00:02:55] 
[2025-12-29 00:02:55] Client                                 0-30        31-45        46-60        61-90          90+[2025-12-29 00:02:55] 
[2025-12-29 00:02:55] ----------------------------------------------------------------------------------------------------------------[2025-12-29 00:02:55] 
[2025-12-29 00:02:55] TAKRAF GmbH                    $  366,920.68 $        0.00 $        0.00 $        0.00 $        0.00 [2025-12-29 00:02:55] 
[2025-12-29 00:02:55] 
[2025-12-29 00:02:55] -----GCT Canada Limited Partnership-----[2025-12-29 00:02:55] 
[2025-12-29 00:02:58] ✅ Vendor email: ap-can@globalterminals.com;[2025-12-29 00:02:58] 
[2025-12-29 00:03:14] ✅ Vendor's statement download[2025-12-29 00:03:14] 
[2025-12-29 00:03:15] ✅ Q-GCT2025 is due, PM email: chris@qcasystems.com [2025-12-29 00:03:15] 
[2025-12-29 00:03:16] ✅ Q-8881 is due, PM email: jjohal@qcasystems.com [2025-12-29 00:03:16] 
[2025-12-29 00:03:17] ✅ Q-08989 is due, PM email: jjohal@qcasystems.com [2025-12-29 00:03:17] 
[2025-12-29 00:03:18] ✅ Q-08991 is due, PM email: jjohal@qcasystems.com [2025-12-29 00:03:18] 
[2025-12-29 00:03:19] ✅ Q-8727 is due, PM email: jjohal@qcasystems.com [2025-12-29 00:03:19] 
[2025-12-29 00:03:19] ✅ Q-8725 is due, PM email: peterw@qcasystems.com [2025-12-29 00:03:19] 
[2025-12-29 00:03:48] ✅ Q-GCT2025 invoice download[2025-12-29 00:03:48] 
[2025-12-29 00:04:03] ✅ Q-8881 invoice download[2025-12-29 00:04:03] 
[2025-12-29 00:04:18] ✅ Q-08989 invoice download[2025-12-29 00:04:18] 
[2025-12-29 00:04:27] ✅ Q-08991 invoice download[2025-12-29 00:04:27] 
[2025-12-29 00:04:41] ✅ Q-8727 invoice download[2025-12-29 00:04:41] 
[2025-12-29 00:04:56] ✅ Q-8725 invoice download[2025-12-29 00:04:56] 
[2025-12-29 00:04:56] Client                                 0-30        31-45        46-60        61-90          90+[2025-12-29 00:04:56] 
[2025-12-29 00:04:56] ----------------------------------------------------------------------------------------------------------------[2025-12-29 00:04:56] 
[2025-12-29 00:04:56] GCT Canada Limited Partnership $   23,044.92 $    4,843.13 $   45,312.13 $        0.00 $        0.00 [2025-12-29 00:04:56] 
[2025-12-29 00:04:56] 
[2025-12-29 00:04:56] -----DP World Fraser Surrey Inc.-----[2025-12-29 00:04:56] 
[2025-12-29 00:04:58] ✅ Vendor email: ap.frasersurrey@dpworld.com;[2025-12-29 00:04:58] 
[2025-12-29 00:05:15] ✅ Vendor's statement download[2025-12-29 00:05:15] 
[2025-12-29 00:05:25] ✅ Q-8252 invoice download[2025-12-29 00:05:25] 
[2025-12-29 00:05:25] Client                                 0-30        31-45        46-60        61-90          90+[2025-12-29 00:05:25] 
[2025-12-29 00:05:25] ----------------------------------------------------------------------------------------------------------------[2025-12-29 00:05:25] 
[2025-12-29 00:05:25] DP World Fraser Surrey Inc.    $      136.50 $        0.00 $        0.00 $        0.00 $        0.00 [2025-12-29 00:05:25] 
[2025-12-29 00:05:25] 
[2025-12-29 00:05:25] -----Paladin Technologies-----[2025-12-29 00:05:25] 
[2025-12-29 00:05:28] ✅ Vendor email: customercare@paladintechnologies.com[2025-12-29 00:05:28] 
[2025-12-29 00:05:44] ✅ Vendor's statement download[2025-12-29 00:05:44] 
[2025-12-29 00:05:54] ✅ Q-8372 invoice download[2025-12-29 00:05:54] 
[2025-12-29 00:05:54] Client                                 0-30        31-45        46-60        61-90          90+[2025-12-29 00:05:54] 
[2025-12-29 00:05:54] ----------------------------------------------------------------------------------------------------------------[2025-12-29 00:05:54] 
[2025-12-29 00:05:54] Paladin Technologies           $  200,476.40 $        0.00 $        0.00 $        0.00 $        0.00 [2025-12-29 00:05:54] 
[2025-12-29 00:05:54] 
[2025-12-29 00:05:54] -----CSX Transportation, Inc-----[2025-12-29 00:05:54] 
[2025-12-29 00:05:56] ✅ Vendor email: AccountsPayable@csx.com;[2025-12-29 00:05:56] 
[2025-12-29 00:06:12] ✅ Vendor's statement download[2025-12-29 00:06:12] 
[2025-12-29 00:06:14] ✅ Q-8690_TRAVEL is due, PM email: atsai@qcasystems.com [2025-12-29 00:06:14] 
[2025-12-29 00:06:20] ✅ Q-8690_TRAVEL invoice download[2025-12-29 00:06:20] 
[2025-12-29 00:06:20] Client                                 0-30        31-45        46-60        61-90          90+[2025-12-29 00:06:20] 
[2025-12-29 00:06:20] ----------------------------------------------------------------------------------------------------------------[2025-12-29 00:06:20] 
[2025-12-29 00:06:20] CSX Transportation, Inc        $        0.00 $        0.00 $        0.00 $   30,911.82 $        0.00 [2025-12-29 00:06:20] 
[2025-12-29 00:06:20] 
[2025-12-29 00:06:20] -----WESTBURNE - DIVISION OF REXEL CANADA ELECTRICAL INC.-----[2025-12-29 00:06:20] 
[2025-12-29 00:06:23] ✅ Vendor email: ap.inquiries@rexel.ca[2025-12-29 00:06:23] 
[2025-12-29 00:06:40] ✅ Vendor's statement download[2025-12-29 00:06:40] 
[2025-12-29 00:06:41] ✅ Q-08984 is due, PM email: brianp@qcasystems.com [2025-12-29 00:06:41] 
[2025-12-29 00:06:55] ✅ Q-8775 invoice download[2025-12-29 00:06:55] 
[2025-12-29 00:07:32] ✅ Q-08984 invoice download[2025-12-29 00:07:32] 
[2025-12-29 00:07:32] Client                                 0-30        31-45        46-60        61-90          90+[2025-12-29 00:07:32] 
[2025-12-29 00:07:32] ----------------------------------------------------------------------------------------------------------------[2025-12-29 00:07:32] 
[2025-12-29 00:07:32] WESTBURNE - DIVISION OF REXEL  $   63,393.61 $    8,347.50 $        0.00 $   12,875.63 $   -1,312.50 [2025-12-29 00:07:32] 
[2025-12-29 00:07:32] 
[2025-12-29 00:07:32] -----GFL ENVIRONMENTAL SERVICES INC. (was Terrapure Environmental LP)-----[2025-12-29 00:07:32] 
[2025-12-29 00:07:34] ✅ Vendor email: apsharedservices@gflenv.com;[2025-12-29 00:07:34] 
[2025-12-29 00:07:51] ✅ Vendor's statement download[2025-12-29 00:07:51] 
[2025-12-29 00:07:52] ✅ Q-GFL2025 is due, PM email: craig@qcasystems.com [2025-12-29 00:07:52] 
[2025-12-29 00:08:03] ✅ Q-8882 invoice download[2025-12-29 00:08:03] 
[2025-12-29 00:08:39] ✅ Q-GFL2025 invoice download[2025-12-29 00:08:39] 
[2025-12-29 00:08:39] Client                                 0-30        31-45        46-60        61-90          90+[2025-12-29 00:08:39] 
[2025-12-29 00:08:39] ----------------------------------------------------------------------------------------------------------------[2025-12-29 00:08:39] 
[2025-12-29 00:08:39] GFL ENVIRONMENTAL SERVICES INC $   88,977.01 $        0.00 $        0.00 $    5,105.17 $        0.00 [2025-12-29 00:08:39] 
[2025-12-29 00:08:39] 
[2025-12-29 00:08:39] -----GFL Environmental Services Inc. (was Terrapure - Surrey)-----[2025-12-29 00:08:39] 
[2025-12-29 00:08:42] ✅ Vendor email: apsharedservices@gflenv.com;[2025-12-29 00:08:42] 
[2025-12-29 00:08:57] ✅ Vendor's statement download[2025-12-29 00:08:57] 
[2025-12-29 00:08:58] ✅ Q-GFLPARTS-AUG2025 is due, PM email: cpearce@qcasystems.com [2025-12-29 00:08:58] 
[2025-12-29 00:09:09] ✅ Q-GFLPARTS-AUG2025 invoice download[2025-12-29 00:09:09] 
[2025-12-29 00:09:09] Client                                 0-30        31-45        46-60        61-90          90+[2025-12-29 00:09:09] 
[2025-12-29 00:09:09] ----------------------------------------------------------------------------------------------------------------[2025-12-29 00:09:09] 
[2025-12-29 00:09:09] GFL Environmental Services Inc $        0.00 $        0.00 $        0.00 $    2,236.89 $        0.00 [2025-12-29 00:09:09] 
[2025-12-29 00:09:09] 
[2025-12-29 00:09:09] -----TBA Doncaster Ltd-----[2025-12-29 00:09:09] 
[2025-12-29 00:09:12] ✅ Vendor email: david.trueman@tba.group[2025-12-29 00:09:12] 
[2025-12-29 00:09:28] ✅ Vendor's statement download[2025-12-29 00:09:28] 
[2025-12-29 00:09:29] ✅ Q-08905 is due, PM email: grant@qcasystems.com [2025-12-29 00:09:29] 
[2025-12-29 00:09:40] ✅ Q-08905 invoice download[2025-12-29 00:09:40] 
[2025-12-29 00:09:40] Client                                 0-30        31-45        46-60        61-90          90+[2025-12-29 00:09:40] 
[2025-12-29 00:09:40] ----------------------------------------------------------------------------------------------------------------[2025-12-29 00:09:40] 
[2025-12-29 00:09:40] TBA Doncaster Ltd              $        0.00 $        0.00 $        0.00 $        0.00 $   19,127.45 [2025-12-29 00:09:40] 
[2025-12-29 00:09:40] 
[2025-12-29 00:09:40] -----Metso Canada Inc.-----[2025-12-29 00:09:40] 
[2025-12-29 00:09:43] ✅ Vendor email: giovani.victorica@metso.com;[2025-12-29 00:09:43] 
[2025-12-29 00:09:59] ✅ Vendor's statement download[2025-12-29 00:09:59] 
[2025-12-29 00:10:00] ✅ Q-08923 is due, PM email: ohfuda@qcasystems.com [2025-12-29 00:10:00] 
[2025-12-29 00:10:12] ✅ Q-08923 invoice download[2025-12-29 00:10:12] 
[2025-12-29 00:10:12] Client                                 0-30        31-45        46-60        61-90          90+[2025-12-29 00:10:12] 
[2025-12-29 00:10:12] ----------------------------------------------------------------------------------------------------------------[2025-12-29 00:10:12] 
[2025-12-29 00:10:12] Metso Canada Inc.              $        0.00 $   76,275.32 $        0.00 $        0.00 $        0.00 [2025-12-29 00:10:12] 
[2025-12-29 00:10:12] 
[2025-12-29 00:10:12] -----BC Ferries - British Columbia Ferry Service-----[2025-12-29 00:10:12] 
[2025-12-29 00:10:15] ✅ Vendor email: accounts.payable@bcferries.com;[2025-12-29 00:10:15] 
[2025-12-29 00:10:31] ✅ Vendor's statement download[2025-12-29 00:10:31] 
[2025-12-29 00:10:32] ✅ Q-09149 is due, PM email: gaurav@qcasystems.com [2025-12-29 00:10:32] 
[2025-12-29 00:10:33] ✅ Q-8651 is due, PM email: gaurav@qcasystems.com [2025-12-29 00:10:33] 
[2025-12-29 00:11:01] ✅ Q-09149 invoice download[2025-12-29 00:11:01] 
[2025-12-29 00:11:09] [ERROR] [2025-12-29 00:17:46] 💾 TOKEN been updated to b3bf71a1869f4505b9c7b3e1a0a81007. [2025-12-29 00:17:46] 
[2025-12-29 00:17:47] 💾 COOKIES been updated to apt.uid=AP-TYQBTXFEX0HX-2-1766991841456-91848196.0.2.30aa9067-44f2-465c-883a-788c94abf85b; apt.sid=AP-TYQBTXFEX0HX-2-1766996261732-91393841; Vantagepoint=. [2025-12-29 00:17:47] 
[2025-12-29 00:17:48] 💾 WWWBEARER been updated to cnQ1rLEJ7BOXxHXELdjUIMXopKwpMLfml3KNu4A23hMemkzYGtyXJT9AlVZSiL7Wd9D1nh6EAUWRvxhZrH5M8cgiOffbPM1VARs32GG2PogXeOYfoVgeyfj2lJhkoKcD8DMYi0l3aHDbcrrmRKIBHIYZQXzwcMzAES6SdhwTHqGuXKjgsImeagASY5L440-7q9wVyaMrG-GcMoayxAeR0WBa9yoTeI_vqRVFrByrrw9AkfUVlwPtHefC1ZUGPaI1naTj7UsGxdDCmHPaweGgDrcNIu2IbUGeYZwAMTLxjyDSOscpjxNIcvluugxVd-geFNGZBOPizb0rIg2XV-xVBXqGtAMRr0AcGMIpqZhQAOx-oqnTro-jzMgwV9yBzQCQ. [2025-12-29 00:17:48] 
[2025-12-29 00:18:02] 💾 COOKIES been updated to apt.uid=AP-TYQBTXFEX0HX-2-1766991841456-91848196.0.2.30aa9067-44f2-465c-883a-788c94abf85b; apt.sid=AP-TYQBTXFEX0HX-2-1766996261732-91393841; Vantagepoint=;ASP.NET_SessionId=3hbirn1fdelwwb3lzzz31kqb. [2025-12-29 00:18:02] 
[2025-12-29 00:18:03] ✅ Login Success, User: jlou@qcasystems.com[2025-12-29 00:18:03] 
[2025-12-29 00:18:03] 
[2025-12-29 00:18:17] ✅ C:\Users\jlou\OneDrive - QCA Systems Ltd\Documents\Automation\daily_receving\receving_export.csv Downloaded[2025-12-29 00:18:17] 
[2025-12-29 00:18:17] Output file is output.xlsx[2025-12-29 00:18:17] 
[2025-12-29 00:18:17] 
[2025-12-29 00:18:17] Total execution time 0 minutes, 14 seconds[2025-12-29 00:18:17] 
[2025-12-29 14:55:24] ✅ Login Success, User: jlou@qcasystems.com[2025-12-29 14:55:24] 
[2025-12-29 14:55:24] 
[2025-12-29 14:55:24] Checking if the program is latest version ...[2025-12-29 14:55:24] 
[2025-12-29 14:55:25] Already latest version.[2025-12-29 14:55:25] 
[2025-12-29 14:55:25] 
         ██████╗    ██████    █████╗ 
        ██╔═══██╗  ██        ██╔══██╗
        ██║   ██║  ██        ███████║
        ██║▄▄ ██║  ██        ██╔══██║
        ╚██████╔╝  ╚██████   ██║  ██║
         ╚══▀▀═╝    ╚═════   ╚═╝  ╚═╝
    ──────────────────────────────────────────────────────────
            🛠️  QCA Accounting Team Automation Script
            🏷️  Version: 2025-12-18_QNAP
    ──────────────────────────────────────────────────────────
    [2025-12-29 14:55:25] 
[2025-12-29 14:55:25] 🚀 Welcome! 
[2025-12-29 14:55:25] 
[2025-12-29 14:55:25] ⚠️ OneDrive - QCA Systems Ltd not found in current path: C:\Vantagepoint_Automation, the power automate can not been used.[2025-12-29 14:55:25] 
[2025-12-29 14:55:25] 
[2025-12-29 14:55:25] 💾 ONEDRIVEDIR been updated to C:\Vantagepoint_Automation. [2025-12-29 14:55:25] 
[2025-12-29 14:55:26] ✅ Login Success, User: jlou@qcasystems.com[2025-12-29 14:55:26] 
[2025-12-29 14:55:26] 
[2025-12-29 14:55:26] 
======================================================
                   MAIN MENU
======================================================
  1) AP - Remittance
  2) AR - Statements
  3) Report Preparation - Project Status
  4) Report Preparation - Bridge Report
  5) Shipping Monitor
  6) Daily Receiving Notification
  7) Merge PDF

  0) Exit
======================================================
[2025-12-29 14:55:26] 
[2025-12-29 14:55:26] Enter your choice: [2025-12-29 14:55:38] ✅ C:\Users\jlou\OneDrive - QCA Systems Ltd\QCA Accounting Dept - Documents\03 Accounting\400 Process Improvement\Automation\daily_receiving_notification\receving_export 2025-12-29.csv  Downloaded[2025-12-29 14:55:38] 
[2025-12-29 14:55:58] Output file is output 2025-12-29.xlsx[2025-12-29 14:55:58] 
[2025-12-29 15:47:46] ✅ Login Success, User: jlou@qcasystems.com[2025-12-29 15:47:46] 
[2025-12-29 15:47:46] 
[2025-12-29 15:47:46] Creating / Updating task:[2025-12-29 15:47:46] 
[2025-12-29 15:47:46]  [2025-12-29 15:47:46]  [2025-12-29 15:47:46] schtasks /create /f /tn Daily Received Notification /tr "C:\Vantagepoint_Automation\program\dist\start.exe" --daily_received /SC WEEKLY /D MON,TUE,WED,THU,FRI /ST 22:00 /D MON,TUE,WED,THU,FRI[2025-12-29 15:47:46] 
[2025-12-29 15:47:46] [ERROR] Command '['schtasks', '/create', '/f', '/tn', 'Daily Received Notification', '/tr', '"C:\\Vantagepoint_Automation\\program\\dist\\start.exe" --daily_received', '/SC', 'WEEKLY', '/D', 'MON,TUE,WED,THU,FRI', '/ST', '22:00', '/D', 'MON,TUE,WED,THU,FRI']' returned non-zero exit status 2147500037.[2025-12-29 15:59:33] ✅ Login Success, User: jlou@qcasystems.com[2025-12-29 15:59:33] 
[2025-12-29 15:59:33] 
[2025-12-29 15:59:33] Creating / Updating task:[2025-12-29 15:59:33] 
[2025-12-29 15:59:33]  [2025-12-29 15:59:33]  [2025-12-29 15:59:33] schtasks /create /f /tn Daily Received Notification /tr "C:\Vantagepoint_Automation\program\dist\start.exe" --daily_received /SC WEEKLY /D MON,TUE,WED,THU,FRI /ST 22:00[2025-12-29 15:59:33] 
[2025-12-29 15:59:33] [OK] Task ready: Daily Received Notification[2025-12-29 15:59:33] 
[2026-02-12 22:14:23] 💾 TOKEN been updated to 1eed091f881f44779be4961a20c19483. [2026-02-12 22:14:23] 
[2026-02-12 22:14:23] 💾 COOKIES been updated to apt.uid=AP-TYQBTXFEX0HX-2-1763365556638-96351989.0.2.30aa9067-44f2-465c-883a-788c94abf85b; apt.sid=AP-TYQBTXFEX0HX-2-1770963258790-83984694; Vantagepoint=; zdgtm_session=FP4e09ldoYVeFfgbucQQFN7JWD%2F5M7hZanjpCcR8vt0%3D. [2026-02-12 22:14:23] 
[2026-02-12 22:14:24] 💾 WWWBEARER been updated to xznZ8KcUV31ebWyww-j7vf-YjGucU0oIFXEsic3KCeFAisnWI892okEEFSwrMf342hTVHuDGBGJFjfjHQCVOJ3bpBAil2x8tNm1w51wV3zuImXh-r_wAoFxkWqSCUbUJ7qY2SYT-QiT1RlnNvK2ok84eUrlX1BkxGqHFSzPlNYm22stm_yEgILNvKO4gsIiM2RAki4q-ofeDDvDV7fHpt3YU7DdtP9Hkw0TwAYuoD7LVVqvF0xvfO7ivNyc71kelGbe49d2nbckZN1WdkY5054a28fN2N7--8kd0HUwZ7a7BHGEuRCUMAnxcMFiOi0N2F7-B_8bDvEy5ohHgsfbuQv7acFeVLD0AMqvZw-i-GPBNx4dmvKyFhAFAT4HbqA5F. [2026-02-12 22:14:24] 
[2026-02-12 22:14:28] 💾 COOKIES been updated to apt.uid=AP-TYQBTXFEX0HX-2-1763365556638-96351989.0.2.30aa9067-44f2-465c-883a-788c94abf85b; apt.sid=AP-TYQBTXFEX0HX-2-1770963258790-83984694; Vantagepoint=; zdgtm_session=FP4e09ldoYVeFfgbucQQFN7JWD%2F5M7hZanjpCcR8vt0%3D;ASP.NET_SessionId=4ifwtsa3icnzthzeih1kqe41. [2026-02-12 22:14:28] 
[2026-02-12 22:14:29] Please input the start date (format: 2025-04-01): [2026-02-12 22:14:39] Error in checking file [Untitled].pdf[2026-02-12 22:14:39] 
[2026-02-12 22:14:39] 24299 had error strptime() argument 1 must be str, not None[2026-02-12 22:14:39] 
[2026-02-12 22:15:02] Error in checking file 89d4c8c39920577c3c41de422f8d9a4b0417779f3e6c530e2e8cb58a8c15.pdf[2026-02-12 22:15:02] 
[2026-02-12 22:15:02] 24291 had error strptime() argument 1 must be str, not None[2026-02-12 22:15:02] 
[2026-02-12 22:15:03] Error in checking file [Untitled].pdf[2026-02-12 22:15:03] 
[2026-02-12 22:15:03] 24289 had error strptime() argument 1 must be str, not None[2026-02-12 22:15:03] 
[2026-02-12 22:15:06] Error in checking file Invoice_1417512_Invoice.pdf[2026-02-12 22:15:06] 
[2026-02-12 22:15:06] 24281 had error strptime() argument 1 must be str, not None[2026-02-12 22:15:06] 
[2026-02-12 22:15:07] Error in checking file [Untitled].pdf[2026-02-12 22:15:07] 
[2026-02-12 22:15:07] 24279 had error strptime() argument 1 must be str, not None[2026-02-12 22:15:07] 
[2026-02-12 22:15:10] Error in checking file dbc37df9-e1c8-4b1c-8327-a786b5769610.pdf[2026-02-12 22:15:10] 
[2026-02-12 22:15:10] 24273 had error strptime() argument 1 must be str, not None[2026-02-12 22:15:10] 
[2026-02-12 22:15:11] [ERROR] 